------------------------------------------------------------
TimeQuest Timing Analyzer Summary
------------------------------------------------------------

Type  : Slow 1100mV 85C Model Setup 'FPGA_CLK1_50'
Slack : 17.383
TNS   : 0.000

Type  : Slow 1100mV 85C Model Hold 'FPGA_CLK1_50'
Slack : 0.331
TNS   : 0.000

Type  : Slow 1100mV 85C Model Minimum Pulse Width 'FPGA_CLK1_50'
Slack : 9.210
TNS   : 0.000

Type  : Slow 1100mV 0C Model Setup 'FPGA_CLK1_50'
Slack : 17.364
TNS   : 0.000

Type  : Slow 1100mV 0C Model Hold 'FPGA_CLK1_50'
Slack : 0.311
TNS   : 0.000

Type  : Slow 1100mV 0C Model Minimum Pulse Width 'FPGA_CLK1_50'
Slack : 9.291
TNS   : 0.000

Type  : Fast 1100mV 85C Model Setup 'FPGA_CLK1_50'
Slack : 18.563
TNS   : 0.000

Type  : Fast 1100mV 85C Model Hold 'FPGA_CLK1_50'
Slack : 0.183
TNS   : 0.000

Type  : Fast 1100mV 85C Model Minimum Pulse Width 'FPGA_CLK1_50'
Slack : 9.081
TNS   : 0.000

Type  : Fast 1100mV 0C Model Setup 'FPGA_CLK1_50'
Slack : 18.651
TNS   : 0.000

Type  : Fast 1100mV 0C Model Hold 'FPGA_CLK1_50'
Slack : 0.169
TNS   : 0.000

Type  : Fast 1100mV 0C Model Minimum Pulse Width 'FPGA_CLK1_50'
Slack : 9.042
TNS   : 0.000

------------------------------------------------------------
